[C:/Users/Рома/Desktop/HTT/ЛЕНДИНГ ДЛЯ АЛЁНЫ/backblue.gif]
[C:/Users/Рома/Desktop/HTT/ЛЕНДИНГ ДЛЯ АЛЁНЫ/fade.gif]
[C:/Users/Рома/Desktop/HTT/ЛЕНДИНГ ДЛЯ АЛЁНЫ/index.html]
[C:/Users/Рома/Desktop/HTT/ЛЕНДИНГ ДЛЯ АЛЁНЫ/web/vr07vfcy.png]
[C:/Users/Рома/Desktop/HTT/ЛЕНДИНГ ДЛЯ АЛЁНЫ/web/2rjkce83.png]
[C:/Users/Рома/Desktop/HTT/ЛЕНДИНГ ДЛЯ АЛЁНЫ/web/iqbbkrqy.js]
[C:/Users/Рома/Desktop/HTT/ЛЕНДИНГ ДЛЯ АЛЁНЫ/web/zaz2hkxw.jpg]
[C:/Users/Рома/Desktop/HTT/ЛЕНДИНГ ДЛЯ АЛЁНЫ/web/sol996gm.jpg]
[C:/Users/Рома/Desktop/HTT/ЛЕНДИНГ ДЛЯ АЛЁНЫ/web/8ny1j1zp.jpg]
[C:/Users/Рома/Desktop/HTT/ЛЕНДИНГ ДЛЯ АЛЁНЫ/web/0_p5o_a5.jpg]
[C:/Users/Рома/Desktop/HTT/ЛЕНДИНГ ДЛЯ АЛЁНЫ/web/73clcswj.jpg]
[C:/Users/Рома/Desktop/HTT/ЛЕНДИНГ ДЛЯ АЛЁНЫ/web/eqeen-bc.jpg]
[C:/Users/Рома/Desktop/HTT/ЛЕНДИНГ ДЛЯ АЛЁНЫ/web/s3vest9m.jpg]
[C:/Users/Рома/Desktop/HTT/ЛЕНДИНГ ДЛЯ АЛЁНЫ/web/6zn-2ir4.jpg]
[C:/Users/Рома/Desktop/HTT/ЛЕНДИНГ ДЛЯ АЛЁНЫ/web/1fxuknoc.jpg]
[C:/Users/Рома/Desktop/HTT/ЛЕНДИНГ ДЛЯ АЛЁНЫ/web/312g0o6-.jpg]
[C:/Users/Рома/Desktop/HTT/ЛЕНДИНГ ДЛЯ АЛЁНЫ/web/6pke1ciq.jpg]
[C:/Users/Рома/Desktop/HTT/ЛЕНДИНГ ДЛЯ АЛЁНЫ/web/fxiokv_p.jpg]
[C:/Users/Рома/Desktop/HTT/ЛЕНДИНГ ДЛЯ АЛЁНЫ/web/tup3s662.jpg]
[C:/Users/Рома/Desktop/HTT/ЛЕНДИНГ ДЛЯ АЛЁНЫ/web/p--scqqf.jpg]
[C:/Users/Рома/Desktop/HTT/ЛЕНДИНГ ДЛЯ АЛЁНЫ/web/nybalvoq.png]
[C:/Users/Рома/Desktop/HTT/ЛЕНДИНГ ДЛЯ АЛЁНЫ/web/tf58jz_a.png]
[C:/Users/Рома/Desktop/HTT/ЛЕНДИНГ ДЛЯ АЛЁНЫ/web/wx3s7upi.png]
[C:/Users/Рома/Desktop/HTT/ЛЕНДИНГ ДЛЯ АЛЁНЫ/web/8ny1j1zp.png]
[C:/Users/Рома/Desktop/HTT/ЛЕНДИНГ ДЛЯ АЛЁНЫ/web/tl1w6-sx.png]
[C:/Users/Рома/Desktop/HTT/ЛЕНДИНГ ДЛЯ АЛЁНЫ/web/scztgeyl.png]
[C:/Users/Рома/Desktop/HTT/ЛЕНДИНГ ДЛЯ АЛЁНЫ/web/xbrigfy3.png]
[C:/Users/Рома/Desktop/HTT/ЛЕНДИНГ ДЛЯ АЛЁНЫ/web/19t9nmw1.png]
[C:/Users/Рома/Desktop/HTT/ЛЕНДИНГ ДЛЯ АЛЁНЫ/web/cam_4ziw.png]
[C:/Users/Рома/Desktop/HTT/ЛЕНДИНГ ДЛЯ АЛЁНЫ/web/dn_0vq1y.png]
[C:/Users/Рома/Desktop/HTT/ЛЕНДИНГ ДЛЯ АЛЁНЫ/web/-6im70mv.png]
[C:/Users/Рома/Desktop/HTT/ЛЕНДИНГ ДЛЯ АЛЁНЫ/web/c2u84ogm.png]
[C:/Users/Рома/Desktop/HTT/ЛЕНДИНГ ДЛЯ АЛЁНЫ/web/o795j0iw.png]
[C:/Users/Рома/Desktop/HTT/ЛЕНДИНГ ДЛЯ АЛЁНЫ/web/6gqanllg.png]
[C:/Users/Рома/Desktop/HTT/ЛЕНДИНГ ДЛЯ АЛЁНЫ/web/_lgjh4si.png]
[C:/Users/Рома/Desktop/HTT/ЛЕНДИНГ ДЛЯ АЛЁНЫ/web/ho_nwgz6.png]
[C:/Users/Рома/Desktop/HTT/ЛЕНДИНГ ДЛЯ АЛЁНЫ/web/fusrqjxt.png]
[C:/Users/Рома/Desktop/HTT/ЛЕНДИНГ ДЛЯ АЛЁНЫ/web/c426e3ro.png]
[C:/Users/Рома/Desktop/HTT/ЛЕНДИНГ ДЛЯ АЛЁНЫ/web/6gqanllg-2.png]
[C:/Users/Рома/Desktop/HTT/ЛЕНДИНГ ДЛЯ АЛЁНЫ/web/16zvvhey.png]
[C:/Users/Рома/Desktop/HTT/ЛЕНДИНГ ДЛЯ АЛЁНЫ/web/tj7ibu06.png]
[C:/Users/Рома/Desktop/HTT/ЛЕНДИНГ ДЛЯ АЛЁНЫ/web/2lnxf4ot.png]
[C:/Users/Рома/Desktop/HTT/ЛЕНДИНГ ДЛЯ АЛЁНЫ/web/b1kqbify.png]
[C:/Users/Рома/Desktop/HTT/ЛЕНДИНГ ДЛЯ АЛЁНЫ/web/nmhr7jji.png]
[C:/Users/Рома/Desktop/HTT/ЛЕНДИНГ ДЛЯ АЛЁНЫ/web/ia2adf11.png]
[C:/Users/Рома/Desktop/HTT/ЛЕНДИНГ ДЛЯ АЛЁНЫ/web/2azmr87f.png]
[C:/Users/Рома/Desktop/HTT/ЛЕНДИНГ ДЛЯ АЛЁНЫ/web/mu-bs6hw.png]
[C:/Users/Рома/Desktop/HTT/ЛЕНДИНГ ДЛЯ АЛЁНЫ/web/enqzkp4q.png]
[C:/Users/Рома/Desktop/HTT/ЛЕНДИНГ ДЛЯ АЛЁНЫ/web/cwyih2_c.png]
[C:/Users/Рома/Desktop/HTT/ЛЕНДИНГ ДЛЯ АЛЁНЫ/web/yrjnbrru.png]
[C:/Users/Рома/Desktop/HTT/ЛЕНДИНГ ДЛЯ АЛЁНЫ/web/9m2fie9l.png]
[C:/Users/Рома/Desktop/HTT/ЛЕНДИНГ ДЛЯ АЛЁНЫ/web/mu-bs6hw-2.png]
[C:/Users/Рома/Desktop/HTT/ЛЕНДИНГ ДЛЯ АЛЁНЫ/web/1mpw_10v.jpg]
[C:/Users/Рома/Desktop/HTT/ЛЕНДИНГ ДЛЯ АЛЁНЫ/web/0m9hgp4w.jpg]
[C:/Users/Рома/Desktop/HTT/ЛЕНДИНГ ДЛЯ АЛЁНЫ/web/wfh4-87x.png]
[C:/Users/Рома/Desktop/HTT/ЛЕНДИНГ ДЛЯ АЛЁНЫ/web/uxnmx2-n.jpg]
[C:/Users/Рома/Desktop/HTT/ЛЕНДИНГ ДЛЯ АЛЁНЫ/web/swdu67_z.png]
[C:/Users/Рома/Desktop/HTT/ЛЕНДИНГ ДЛЯ АЛЁНЫ/web/9zov-g2n.jpg]
[C:/Users/Рома/Desktop/HTT/ЛЕНДИНГ ДЛЯ АЛЁНЫ/web/e-qc2o3t.jpg]
[C:/Users/Рома/Desktop/HTT/ЛЕНДИНГ ДЛЯ АЛЁНЫ/web/uxnmx2-n-2.jpg]
[C:/Users/Рома/Desktop/HTT/ЛЕНДИНГ ДЛЯ АЛЁНЫ/web/nirg2csp.jpg]
[C:/Users/Рома/Desktop/HTT/ЛЕНДИНГ ДЛЯ АЛЁНЫ/web/ty9iybqq.jpg]
[C:/Users/Рома/Desktop/HTT/ЛЕНДИНГ ДЛЯ АЛЁНЫ/web/dz4xlmkr.jpg]
[C:/Users/Рома/Desktop/HTT/ЛЕНДИНГ ДЛЯ АЛЁНЫ/web/rdjphpdo.jpg]
[C:/Users/Рома/Desktop/HTT/ЛЕНДИНГ ДЛЯ АЛЁНЫ/web/8yqdiapz.jpg]
[C:/Users/Рома/Desktop/HTT/ЛЕНДИНГ ДЛЯ АЛЁНЫ/web/e-qc2o3t-2.jpg]
[C:/Users/Рома/Desktop/HTT/ЛЕНДИНГ ДЛЯ АЛЁНЫ/web/ty9iybqq-2.jpg]
[C:/Users/Рома/Desktop/HTT/ЛЕНДИНГ ДЛЯ АЛЁНЫ/web/nirg2csp-2.jpg]
[C:/Users/Рома/Desktop/HTT/ЛЕНДИНГ ДЛЯ АЛЁНЫ/web/622k3ocx.jpg]
[C:/Users/Рома/Desktop/HTT/ЛЕНДИНГ ДЛЯ АЛЁНЫ/web/aut4ie_o.jpg]
[C:/Users/Рома/Desktop/HTT/ЛЕНДИНГ ДЛЯ АЛЁНЫ/web/5s_8d3mn.png]
[C:/Users/Рома/Desktop/HTT/ЛЕНДИНГ ДЛЯ АЛЁНЫ/web/sotq7-hq.png]
[C:/Users/Рома/Desktop/HTT/ЛЕНДИНГ ДЛЯ АЛЁНЫ/web/evl1o5v9.jpg]
[C:/Users/Рома/Desktop/HTT/ЛЕНДИНГ ДЛЯ АЛЁНЫ/web/ptgew6ou.jpg]
[C:/Users/Рома/Desktop/HTT/ЛЕНДИНГ ДЛЯ АЛЁНЫ/web/iyqsjnec.js]
[C:/Users/Рома/Desktop/HTT/ЛЕНДИНГ ДЛЯ АЛЁНЫ/web/t6bhkxz3.js]
[C:/Users/Рома/Desktop/HTT/ЛЕНДИНГ ДЛЯ АЛЁНЫ/web/ftgcf0iw.js]
[C:/Users/Рома/Desktop/HTT/ЛЕНДИНГ ДЛЯ АЛЁНЫ/web/kr9oowtd.js]
[C:/Users/Рома/Desktop/HTT/ЛЕНДИНГ ДЛЯ АЛЁНЫ/web/awz-cryj.js]
[C:/Users/Рома/Desktop/HTT/ЛЕНДИНГ ДЛЯ АЛЁНЫ/web/tztymmdq.js]
[C:/Users/Рома/Desktop/HTT/ЛЕНДИНГ ДЛЯ АЛЁНЫ/web/1i418xo-.js]
[C:/Users/Рома/Desktop/HTT/ЛЕНДИНГ ДЛЯ АЛЁНЫ/web/bbb8lsa0.js]
[C:/Users/Рома/Desktop/HTT/ЛЕНДИНГ ДЛЯ АЛЁНЫ/web/kqakp2qr.js]
[C:/Users/Рома/Desktop/HTT/ЛЕНДИНГ ДЛЯ АЛЁНЫ/web/kxkyduz1.js]
[C:/Users/Рома/Desktop/HTT/ЛЕНДИНГ ДЛЯ АЛЁНЫ/web/q-rr3ps9.js]
[C:/Users/Рома/Desktop/HTT/ЛЕНДИНГ ДЛЯ АЛЁНЫ/web/_l9gm-vl.js]
[C:/Users/Рома/Desktop/HTT/ЛЕНДИНГ ДЛЯ АЛЁНЫ/web/9vhd9ws1.html]
[C:/Users/Рома/Desktop/HTT/ЛЕНДИНГ ДЛЯ АЛЁНЫ/web/5zvhanh8.png]
[C:/Users/Рома/Desktop/HTT/ЛЕНДИНГ ДЛЯ АЛЁНЫ/web/uvycxwpu.png]
[C:/Users/Рома/Desktop/HTT/ЛЕНДИНГ ДЛЯ АЛЁНЫ/web/0l94861z.css]
[C:/Users/Рома/Desktop/HTT/ЛЕНДИНГ ДЛЯ АЛЁНЫ/web/u45jjipc.png]
[C:/Users/Рома/Desktop/HTT/ЛЕНДИНГ ДЛЯ АЛЁНЫ/web/gka1rhak.png]
[C:/Users/Рома/Desktop/HTT/ЛЕНДИНГ ДЛЯ АЛЁНЫ/web/p3g6rp94.png]
[C:/Users/Рома/Desktop/HTT/ЛЕНДИНГ ДЛЯ АЛЁНЫ/web/tarhg9fk.png]
[C:/Users/Рома/Desktop/HTT/ЛЕНДИНГ ДЛЯ АЛЁНЫ/web/hrirn9ct.css]
[C:/Users/Рома/Desktop/HTT/ЛЕНДИНГ ДЛЯ АЛЁНЫ/web/i_lq_jz8.gif]
[C:/Users/Рома/Desktop/HTT/ЛЕНДИНГ ДЛЯ АЛЁНЫ/web/ev2ffeqv.eot]
[C:/Users/Рома/Desktop/HTT/ЛЕНДИНГ ДЛЯ АЛЁНЫ/web/uyx2l0zn.eot]
[C:/Users/Рома/Desktop/HTT/ЛЕНДИНГ ДЛЯ АЛЁНЫ/web/i8dsyuog.woff]
[C:/Users/Рома/Desktop/HTT/ЛЕНДИНГ ДЛЯ АЛЁНЫ/web/ybrbe570.ttf]
[C:/Users/Рома/Desktop/HTT/ЛЕНДИНГ ДЛЯ АЛЁНЫ/web/7k6d5139.css]
[C:/Users/Рома/Desktop/HTT/ЛЕНДИНГ ДЛЯ АЛЁНЫ/web/drgdf8ne.css]
[C:/Users/Рома/Desktop/HTT/ЛЕНДИНГ ДЛЯ АЛЁНЫ/web/rs592w-p.png]
[C:/Users/Рома/Desktop/HTT/ЛЕНДИНГ ДЛЯ АЛЁНЫ/web/jw0b-te9.png]
[C:/Users/Рома/Desktop/HTT/ЛЕНДИНГ ДЛЯ АЛЁНЫ/web/wqvjysk8.png]
[C:/Users/Рома/Desktop/HTT/ЛЕНДИНГ ДЛЯ АЛЁНЫ/web/bn2pjl48.png]
[C:/Users/Рома/Desktop/HTT/ЛЕНДИНГ ДЛЯ АЛЁНЫ/web/wmz0xo_a.png]
[C:/Users/Рома/Desktop/HTT/ЛЕНДИНГ ДЛЯ АЛЁНЫ/web/szbzmmny.png]
[C:/Users/Рома/Desktop/HTT/ЛЕНДИНГ ДЛЯ АЛЁНЫ/web/innej2o4.css]
[C:/Users/Рома/Desktop/HTT/ЛЕНДИНГ ДЛЯ АЛЁНЫ/web/vx8oty4m.svg]
[C:/Users/Рома/Desktop/HTT/ЛЕНДИНГ ДЛЯ АЛЁНЫ/web/tup3s662.jpg]
[C:/Users/Рома/Desktop/HTT/ЛЕНДИНГ ДЛЯ АЛЁНЫ/web/fxiokv_p.jpg]
[C:/Users/Рома/Desktop/HTT/ЛЕНДИНГ ДЛЯ АЛЁНЫ/web/p--scqqf.jpg]
[C:/Users/Рома/Desktop/HTT/ЛЕНДИНГ ДЛЯ АЛЁНЫ/web/6yfb25h2.svg]
[C:/Users/Рома/Desktop/HTT/ЛЕНДИНГ ДЛЯ АЛЁНЫ/web/0jj7hfo5.svg]
[C:/Users/Рома/Desktop/HTT/ЛЕНДИНГ ДЛЯ АЛЁНЫ/web/xb9xj3u1.svg]
[C:/Users/Рома/Desktop/HTT/ЛЕНДИНГ ДЛЯ АЛЁНЫ/web/jk0zs6r6.svg]
[C:/Users/Рома/Desktop/HTT/ЛЕНДИНГ ДЛЯ АЛЁНЫ/web/n2dmeqf_.svg]
[C:/Users/Рома/Desktop/HTT/ЛЕНДИНГ ДЛЯ АЛЁНЫ/web/tyxtosns.svg]
[C:/Users/Рома/Desktop/HTT/ЛЕНДИНГ ДЛЯ АЛЁНЫ/web/zmt09fg2.svg]
[C:/Users/Рома/Desktop/HTT/ЛЕНДИНГ ДЛЯ АЛЁНЫ/web/iqm7mmx2.svg]
[C:/Users/Рома/Desktop/HTT/ЛЕНДИНГ ДЛЯ АЛЁНЫ/web/utt63jpy.svg]
[C:/Users/Рома/Desktop/HTT/ЛЕНДИНГ ДЛЯ АЛЁНЫ/web/caavte5z.svg]
[C:/Users/Рома/Desktop/HTT/ЛЕНДИНГ ДЛЯ АЛЁНЫ/web/t_dtc3px.svg]
[C:/Users/Рома/Desktop/HTT/ЛЕНДИНГ ДЛЯ АЛЁНЫ/web/-ve786hn.svg]
[C:/Users/Рома/Desktop/HTT/ЛЕНДИНГ ДЛЯ АЛЁНЫ/web/4qch0s0x.svg]
[C:/Users/Рома/Desktop/HTT/ЛЕНДИНГ ДЛЯ АЛЁНЫ/web/j4zif3gm.html]
[C:/Users/Рома/Desktop/HTT/ЛЕНДИНГ ДЛЯ АЛЁНЫ/web/aomlk8jz.svg]
[C:/Users/Рома/Desktop/HTT/ЛЕНДИНГ ДЛЯ АЛЁНЫ/web/mrbnwz9f.html]
